/home/lab929/ybj/SALT-VI/experiments/semantic_imagination_sampling_count_20260813/pydeps/timm/models/layers/__init__.py:49: FutureWarning: Importing from timm.models.layers is deprecated, please import via timm.layers
  warnings.warn(f"Importing from {__name__} is deprecated, please import via timm.layers", FutureWarning)
InternLM2ForCausalLM has generative capabilities, as `prepare_inputs_for_generation` is explicitly overwritten. However, it doesn't directly inherit from `GenerationMixin`. From 👉v4.50👈 onwards, `PreTrainedModel` will NOT inherit from `GenerationMixin`, and this model will lose the ability to call `generate` and other related functions.
  - If you're using `trust_remote_code=True`, you can get rid of this warning by loading the model with an auto class. See https://huggingface.co/docs/transformers/en/model_doc/auto#auto-classes
  - If you are the owner of the model architecture code, please modify your model class such that it inherits from `GenerationMixin` (after `PreTrainedModel`, otherwise you'll get an exception).
  - If you are not the owner of the model architecture class, please contact the model code owner to update it.
Loading checkpoint shards:   0%|          | 0/4 [00:00<?, ?it/s]Loading checkpoint shards:  25%|██▌       | 1/4 [00:00<00:00,  5.76it/s]Loading checkpoint shards:  50%|█████     | 2/4 [00:00<00:00,  6.59it/s]Loading checkpoint shards:  75%|███████▌  | 3/4 [00:00<00:00,  6.79it/s]Loading checkpoint shards: 100%|██████████| 4/4 [00:00<00:00,  7.03it/s]Loading checkpoint shards: 100%|██████████| 4/4 [00:00<00:00,  6.82it/s]
{
  "schema_version": 1,
  "model": "OpenGVLab/InternVL2_5-8B",
  "model_path": "/home/lab929/huggingface/OpenGVLab/InternVL2_5-8B",
  "embed_model": "/home/lab929/huggingface/google-bert/bert-base-uncased",
  "images": 2,
  "samples_per_image": 512,
  "similarity_threshold": 0.92,
  "cluster_linkage": "complete",
  "sampling_strata": [
    "eyewear",
    "wrist_accessory",
    "headwear",
    "body_marking",
    "clothing_detail",
    "carried_object",
    "pocket_item",
    "footwear_detail"
  ],
  "elapsed_seconds": 4211.723042726517,
  "peak_cuda_allocated_gib": 16.59523344039917,
  "atomic_validation_attempts": 2397,
  "atomic_validation_retries": 1373,
  "atomic_abstentions": 401,
  "atomic_abstention_rate": 0.3916015625,
  "all_weights_valid": true,
  "items": [
    {
      "source": "/home/cgv841/datasets/SYSU-MM01/cam1/0001/0001.jpg",
      "observed": "The pedestrian is wearing a gray t-shirt, beige shorts, and black sandals, and is carrying a white bag.",
      "sample_count": 512,
      "cluster_count": 21,
      "weights": [
        0.080078125,
        0.0546875,
        0.05078125,
        0.08984375,
        0.107421875,
        0.12109375,
        0.083984375,
        0.099609375,
        0.068359375,
        0.021484375,
        0.068359375,
        0.005859375,
        0.03515625,
        0.041015625,
        0.041015625,
        0.00390625,
        0.00390625,
        0.013671875,
        0.00390625,
        0.00390625,
        0.001953125
      ],
      "weight_intervals_95": [
        {
          "method": "wilson-95-conditional-on-fixed-clusters",
          "lower": 0.05957552205350922,
          "upper": 0.10683502396375558
        },
        {
          "method": "wilson-95-conditional-on-fixed-clusters",
          "lower": 0.03810443399268586,
          "upper": 0.07790302876050659
        },
        {
          "method": "wilson-95-conditional-on-fixed-clusters",
          "lower": 0.03488718106757213,
          "upper": 0.07336596118345534
        },
        {
          "method": "wilson-95-conditional-on-fixed-clusters",
          "lower": 0.06803288679144388,
          "upper": 0.11776346048123336
        },
        {
          "method": "wilson-95-conditional-on-fixed-clusters",
          "lower": 0.08346452814467002,
          "upper": 0.13722626138774963
        },
        {
          "method": "wilson-95-conditional-on-fixed-clusters",
          "lower": 0.0956215685151347,
          "upper": 0.15220934277486237
        },
        {
          "method": "wilson-95-conditional-on-fixed-clusters",
          "lower": 0.06294737053968927,
          "upper": 0.11121749597974051
        },
        {
          "method": "wilson-95-conditional-on-fixed-clusters",
          "lower": 0.07657588582865321,
          "upper": 0.12860626269943648
        },
        {
          "method": "wilson-95-conditional-on-fixed-clusters",
          "lower": 0.04956008434673709,
          "upper": 0.09358750016403278
        },
        {
          "method": "wilson-95-conditional-on-fixed-clusters",
          "lower": 0.012038074956831065,
          "upper": 0.03805766352795906
        },
        {
          "method": "wilson-95-conditional-on-fixed-clusters",
          "lower": 0.04956008434673709,
          "upper": 0.09358750016403278
        },
        {
          "method": "wilson-95-conditional-on-fixed-clusters",
          "lower": 0.0019946757921860915,
          "upper": 0.017083780683944113
        },
        {
          "method": "wilson-95-conditional-on-fixed-clusters",
          "lower": 0.022351806085305893,
          "upper": 0.05488405415706166
        },
        {
          "method": "wilson-95-conditional-on-fixed-clusters",
          "lower": 0.02698094895608158,
          "upper": 0.061886392039533444
        },
        {
          "method": "wilson-95-conditional-on-fixed-clusters",
          "lower": 0.02698094895608158,
          "upper": 0.061886392039533444
        },
        {
          "method": "wilson-95-conditional-on-fixed-clusters",
          "lower": 0.0010718890803936704,
          "upper": 0.014129407144654047
        },
        {
          "method": "wilson-95-conditional-on-fixed-clusters",
          "lower": 0.0010718890803936704,
          "upper": 0.014129407144654047
        },
        {
          "method": "wilson-95-conditional-on-fixed-clusters",
          "lower": 0.006638096992250363,
          "upper": 0.0279490004882098
        },
        {
          "method": "wilson-95-conditional-on-fixed-clusters",
          "lower": 0.0010718890803936704,
          "upper": 0.014129407144654047
        },
        {
          "method": "wilson-95-conditional-on-fixed-clusters",
          "lower": 0.0010718890803936704,
          "upper": 0.014129407144654047
        },
        {
          "method": "wilson-95-conditional-on-fixed-clusters",
          "lower": 0.00034485776154337486,
          "upper": 0.010979278212421853
        }
      ],
      "conditional_weights": [
        0.640625,
        0.4375,
        0.40625,
        0.71875,
        0.859375,
        0.96875,
        0.671875,
        0.796875,
        0.546875,
        0.171875,
        0.546875,
        0.046875,
        0.28125,
        0.328125,
        0.328125,
        0.03125,
        0.03125,
        0.109375,
        0.03125,
        0.03125,
        0.015625
      ],
      "categories": [
        "eyewear",
        "wrist_accessory",
        "headwear",
        "body_marking",
        "clothing_detail",
        "carried_object",
        "pocket_item",
        "footwear_detail",
        "wrist_accessory",
        "footwear_detail",
        "headwear",
        "headwear",
        "body_marking",
        "pocket_item",
        "eyewear",
        "carried_object",
        "footwear_detail",
        "clothing_detail",
        "clothing_detail",
        "eyewear",
        "wrist_accessory"
      ],
      "representatives": [
        "category=eyewear; state=absent; value=absent; location=face",
        "category=wrist_accessory; state=absent; value=absent; location=wrist",
        "category=headwear; state=no_additional_detail; value=no_additional_detail; location=none",
        "category=body_marking; state=absent; value=absent; location=none",
        "category=clothing_detail; state=graphic; value=red; location=t-shirt",
        "category=carried_object; state=no_additional_detail; value=no_additional_detail; location=none",
        "category=pocket_item; state=absent; value=absent; location=right",
        "category=footwear_detail; state=no_additional_detail; value=no_additional_detail; location=none",
        "category=wrist_accessory; state=no_additional_detail; value=no_additional_detail; location=none",
        "category=footwear_detail; state=strap; value=present; location=feet",
        "category=headwear; state=absent; value=absent; location=head",
        "category=headwear; state=cap; value=1; location=head",
        "category=body_marking; state=no_additional_detail; value=no_additional_detail; location=none",
        "category=pocket_item; state=no_additional_detail; value=no_additional_detail; location=none",
        "category=eyewear; state=no_additional_detail; value=no_additional_detail; location=none",
        "category=carried_object; state=other_carried_object; value=bag_accessory; location=center",
        "category=footwear_detail; state=other_footwear_detail; value=open-toe; location=feet",
        "category=clothing_detail; state=no_additional_detail; value=no_additional_detail; location=shirt",
        "category=clothing_detail; state=pattern; value=red; location=t-shirt",
        "category=eyewear; state=frame_style; value=glasses; location=face",
        "category=wrist_accessory; state=watch; value=left; location=wrist"
      ]
    },
    {
      "source": "/home/cgv841/datasets/SYSU-MM01/cam1/0102/0001.jpg",
      "observed": "A person is wearing a plaid short-sleeve shirt, black shorts, gray sneakers, and glasses, and is carrying a bag.",
      "sample_count": 512,
      "cluster_count": 18,
      "weights": [
        0.06640625,
        0.05078125,
        0.080078125,
        0.037109375,
        0.125,
        0.08984375,
        0.107421875,
        0.125,
        0.046875,
        0.07421875,
        0.044921875,
        0.087890625,
        0.02734375,
        0.017578125,
        0.009765625,
        0.001953125,
        0.005859375,
        0.001953125
      ],
      "weight_intervals_95": [
        {
          "method": "wilson-95-conditional-on-fixed-clusters",
          "lower": 0.04790706612817715,
          "upper": 0.09136335813151024
        },
        {
          "method": "wilson-95-conditional-on-fixed-clusters",
          "lower": 0.03488718106757213,
          "upper": 0.07336596118345534
        },
        {
          "method": "wilson-95-conditional-on-fixed-clusters",
          "lower": 0.05957552205350922,
          "upper": 0.10683502396375558
        },
        {
          "method": "wilson-95-conditional-on-fixed-clusters",
          "lower": 0.023883775518617995,
          "upper": 0.05722924497483205
        },
        {
          "method": "wilson-95-conditional-on-fixed-clusters",
          "lower": 0.0991166386113686,
          "upper": 0.15646859318079348
        },
        {
          "method": "wilson-95-conditional-on-fixed-clusters",
          "lower": 0.06803288679144388,
          "upper": 0.11776346048123336
        },
        {
          "method": "wilson-95-conditional-on-fixed-clusters",
          "lower": 0.08346452814467002,
          "upper": 0.13722626138774963
        },
        {
          "method": "wilson-95-conditional-on-fixed-clusters",
          "lower": 0.0991166386113686,
          "upper": 0.15646859318079348
        },
        {
          "method": "wilson-95-conditional-on-fixed-clusters",
          "lower": 0.03169946068599385,
          "upper": 0.06879936106286863
        },
        {
          "method": "wilson-95-conditional-on-fixed-clusters",
          "lower": 0.05454794773329394,
          "upper": 0.10023111753072339
        },
        {
          "method": "wilson-95-conditional-on-fixed-clusters",
          "lower": 0.030117718759024466,
          "upper": 0.06650394273875553
        },
        {
          "method": "wilson-95-conditional-on-fixed-clusters",
          "lower": 0.06633416349299745,
          "upper": 0.11558502352859731
        },
        {
          "method": "wilson-95-conditional-on-fixed-clusters",
          "lower": 0.016356725239303357,
          "upper": 0.04537049399873423
        },
        {
          "method": "wilson-95-conditional-on-fixed-clusters",
          "lower": 0.009274933048931773,
          "upper": 0.033066484933693366
        },
        {
          "method": "wilson-95-conditional-on-fixed-clusters",
          "lower": 0.004178301706740295,
          "upper": 0.02265447527155489
        },
        {
          "method": "wilson-95-conditional-on-fixed-clusters",
          "lower": 0.00034485776154337486,
          "upper": 0.010979278212421853
        },
        {
          "method": "wilson-95-conditional-on-fixed-clusters",
          "lower": 0.0019946757921860915,
          "upper": 0.017083780683944113
        },
        {
          "method": "wilson-95-conditional-on-fixed-clusters",
          "lower": 0.00034485776154337486,
          "upper": 0.010979278212421853
        }
      ],
      "conditional_weights": [
        0.53125,
        0.40625,
        0.640625,
        0.296875,
        1.0,
        0.71875,
        0.859375,
        1.0,
        0.375,
        0.59375,
        0.359375,
        0.703125,
        0.21875,
        0.140625,
        0.078125,
        0.015625,
        0.046875,
        0.015625
      ],
      "categories": [
        "eyewear",
        "wrist_accessory",
        "headwear",
        "body_marking",
        "clothing_detail",
        "carried_object",
        "pocket_item",
        "footwear_detail",
        "eyewear",
        "wrist_accessory",
        "headwear",
        "body_marking",
        "carried_object",
        "pocket_item",
        "eyewear",
        "carried_object",
        "carried_object",
        "eyewear"
      ],
      "representatives": [
        "category=eyewear; state=no_additional_detail; value=no_additional_detail; location=none",
        "category=wrist_accessory; state=no_additional_detail; value=no_additional_detail; location=none",
        "category=headwear; state=absent; value=absent; location=head",
        "category=body_marking; state=no_additional_detail; value=no_additional_detail; location=none",
        "category=clothing_detail; state=no_additional_detail; value=no_additional_detail; location=none",
        "category=carried_object; state=no_additional_detail; value=no_additional_detail; location=none",
        "category=pocket_item; state=absent; value=absent; location=pocket",
        "category=footwear_detail; state=no_additional_detail; value=no_additional_detail; location=none",
        "category=eyewear; state=absent; value=absent; location=face",
        "category=wrist_accessory; state=absent; value=absent; location=wrist",
        "category=headwear; state=no_additional_detail; value=no_additional_detail; location=none",
        "category=body_marking; state=absent; value=absent; location=none",
        "category=carried_object; state=bag_accessory; value=small; location=shoulder",
        "category=pocket_item; state=no_additional_detail; value=no_additional_detail; location=none",
        "category=eyewear; state=frame_style; value=dark; location=face",
        "category=carried_object; state=backpack; value=visible; location=shoulder",
        "category=carried_object; state=other_carried_object; value=small; location=right",
        "category=eyewear; state=eyewear_type; value=0; location=face"
      ]
    }
  ]
}
