{
  "schema_version": 1,
  "source_artifacts": "/home/lab929/ybj/SALT-VI/experiments/semantic_imagination_corrected_sampling_20260813/stratified_n128_nested",
  "sample_prefixes": [
    4,
    8,
    16,
    32,
    64,
    128
  ],
  "similarity_threshold": 0.92,
  "cluster_linkage": "complete",
  "items": [
    {
      "source": "/home/cgv841/datasets/SYSU-MM01/cam1/0001/0001.jpg",
      "observed": "The pedestrian is wearing a gray t-shirt, beige shorts, and black sandals, and is carrying a white bag.",
      "prefixes": [
        {
          "sample_count": 4,
          "cluster_count": 4,
          "max_cluster_weight": 0.25,
          "max_cluster_interval_95": {
            "method": "wilson-95-conditional-on-fixed-clusters",
            "lower": 0.04558726080970055,
            "upper": 0.6993581574175981
          },
          "max_cluster_representative": "category=eyewear; value=glasses; location=face",
          "category_count": 4,
          "category_masses": {
            "body_marking": 0.25,
            "eyewear": 0.25,
            "headwear": 0.25,
            "wrist_accessory": 0.25
          },
          "category_tv_from_previous": null,
          "minimum_within_cluster_cosine": 0.9999997615814209,
          "covered_category_count": 4,
          "effective_n_by_category": {
            "body_marking": 1,
            "carried_object": 0,
            "clothing_detail": 0,
            "eyewear": 1,
            "footwear_detail": 0,
            "headwear": 1,
            "pocket_item": 0,
            "wrist_accessory": 1
          },
          "final_partition_tv_from_previous": null,
          "mean_conditional_tv_from_previous": null,
          "max_conditional_tv_from_previous": null,
          "conditional_top_by_category": {
            "body_marking": {
              "effective_n": 1,
              "weight": 1.0,
              "interval_95": {
                "lower": 0.20654931437723745,
                "upper": 1.0
              },
              "representative": "category=body_marking; value=no_additional_detail; location=none"
            },
            "eyewear": {
              "effective_n": 1,
              "weight": 1.0,
              "interval_95": {
                "lower": 0.20654931437723745,
                "upper": 1.0
              },
              "representative": "category=eyewear; value=glasses; location=face"
            },
            "headwear": {
              "effective_n": 1,
              "weight": 1.0,
              "interval_95": {
                "lower": 0.20654931437723745,
                "upper": 1.0
              },
              "representative": "category=headwear; value=absent; location=head"
            },
            "wrist_accessory": {
              "effective_n": 1,
              "weight": 1.0,
              "interval_95": {
                "lower": 0.20654931437723745,
                "upper": 1.0
              },
              "representative": "category=wrist_accessory; value=watch; location=wrist"
            }
          }
        },
        {
          "sample_count": 8,
          "cluster_count": 8,
          "max_cluster_weight": 0.125,
          "max_cluster_interval_95": {
            "method": "wilson-95-conditional-on-fixed-clusters",
            "lower": 0.02241749145005667,
            "upper": 0.4708881822128535
          },
          "max_cluster_representative": "category=eyewear; value=glasses; location=face",
          "category_count": 8,
          "category_masses": {
            "body_marking": 0.125,
            "carried_object": 0.125,
            "clothing_detail": 0.125,
            "eyewear": 0.125,
            "footwear_detail": 0.125,
            "headwear": 0.125,
            "pocket_item": 0.125,
            "wrist_accessory": 0.125
          },
          "category_tv_from_previous": 0.5,
          "minimum_within_cluster_cosine": 0.9999997615814209,
          "covered_category_count": 8,
          "effective_n_by_category": {
            "body_marking": 1,
            "carried_object": 1,
            "clothing_detail": 1,
            "eyewear": 1,
            "footwear_detail": 1,
            "headwear": 1,
            "pocket_item": 1,
            "wrist_accessory": 1
          },
          "final_partition_tv_from_previous": 0.5,
          "mean_conditional_tv_from_previous": 0.0,
          "max_conditional_tv_from_previous": 0.0,
          "conditional_top_by_category": {
            "body_marking": {
              "effective_n": 1,
              "weight": 1.0,
              "interval_95": {
                "lower": 0.20654931437723745,
                "upper": 1.0
              },
              "representative": "category=body_marking; value=no_additional_detail; location=none"
            },
            "carried_object": {
              "effective_n": 1,
              "weight": 1.0,
              "interval_95": {
                "lower": 0.20654931437723745,
                "upper": 1.0
              },
              "representative": "category=carried_object; value=strap; location=shoulder"
            },
            "clothing_detail": {
              "effective_n": 1,
              "weight": 1.0,
              "interval_95": {
                "lower": 0.20654931437723745,
                "upper": 1.0
              },
              "representative": "category=clothing_detail; value=graphic; location=chest"
            },
            "eyewear": {
              "effective_n": 1,
              "weight": 1.0,
              "interval_95": {
                "lower": 0.20654931437723745,
                "upper": 1.0
              },
              "representative": "category=eyewear; value=glasses; location=face"
            },
            "footwear_detail": {
              "effective_n": 1,
              "weight": 1.0,
              "interval_95": {
                "lower": 0.20654931437723745,
                "upper": 1.0
              },
              "representative": "category=footwear_detail; value=strap; location=foot"
            },
            "headwear": {
              "effective_n": 1,
              "weight": 1.0,
              "interval_95": {
                "lower": 0.20654931437723745,
                "upper": 1.0
              },
              "representative": "category=headwear; value=absent; location=head"
            },
            "pocket_item": {
              "effective_n": 1,
              "weight": 1.0,
              "interval_95": {
                "lower": 0.20654931437723745,
                "upper": 1.0
              },
              "representative": "category=pocket_item; value=no_additional_detail; location=none"
            },
            "wrist_accessory": {
              "effective_n": 1,
              "weight": 1.0,
              "interval_95": {
                "lower": 0.20654931437723745,
                "upper": 1.0
              },
              "representative": "category=wrist_accessory; value=watch; location=wrist"
            }
          }
        },
        {
          "sample_count": 16,
          "cluster_count": 10,
          "max_cluster_weight": 0.125,
          "max_cluster_interval_95": {
            "method": "wilson-95-conditional-on-fixed-clusters",
            "lower": 0.03497748774324047,
            "upper": 0.36022827265758695
          },
          "max_cluster_representative": "category=wrist_accessory; value=watch; location=wrist",
          "category_count": 8,
          "category_masses": {
            "body_marking": 0.125,
            "carried_object": 0.125,
            "clothing_detail": 0.125,
            "eyewear": 0.125,
            "footwear_detail": 0.125,
            "headwear": 0.125,
            "pocket_item": 0.125,
            "wrist_accessory": 0.125
          },
          "category_tv_from_previous": 0.0,
          "minimum_within_cluster_cosine": 0.9325624108314514,
          "covered_category_count": 8,
          "effective_n_by_category": {
            "body_marking": 2,
            "carried_object": 2,
            "clothing_detail": 2,
            "eyewear": 2,
            "footwear_detail": 2,
            "headwear": 2,
            "pocket_item": 2,
            "wrist_accessory": 2
          },
          "final_partition_tv_from_previous": 0.25,
          "mean_conditional_tv_from_previous": 0.25,
          "max_conditional_tv_from_previous": 0.5,
          "conditional_top_by_category": {
            "body_marking": {
              "effective_n": 2,
              "weight": 1.0,
              "interval_95": {
                "lower": 0.34238022750665303,
                "upper": 1.0
              },
              "representative": "category=body_marking; value=no_additional_detail; location=none"
            },
            "carried_object": {
              "effective_n": 2,
              "weight": 0.5,
              "interval_95": {
                "lower": 0.09453120573423074,
                "upper": 0.9054687942657693
              },
              "representative": "category=carried_object; value=strap; location=shoulder"
            },
            "clothing_detail": {
              "effective_n": 2,
              "weight": 1.0,
              "interval_95": {
                "lower": 0.34238022750665303,
                "upper": 1.0
              },
              "representative": "category=clothing_detail; value=graphic; location=chest"
            },
            "eyewear": {
              "effective_n": 2,
              "weight": 0.5,
              "interval_95": {
                "lower": 0.09453120573423074,
                "upper": 0.9054687942657693
              },
              "representative": "category=eyewear; value=glasses; location=face"
            },
            "footwear_detail": {
              "effective_n": 2,
              "weight": 1.0,
              "interval_95": {
                "lower": 0.34238022750665303,
                "upper": 1.0
              },
              "representative": "category=footwear_detail; value=strap; location=foot"
            },
            "headwear": {
              "effective_n": 2,
              "weight": 1.0,
              "interval_95": {
                "lower": 0.34238022750665303,
                "upper": 1.0
              },
              "representative": "category=headwear; value=absent; location=head"
            },
            "pocket_item": {
              "effective_n": 2,
              "weight": 0.5,
              "interval_95": {
                "lower": 0.09453120573423074,
                "upper": 0.9054687942657693
              },
              "representative": "category=pocket_item; value=no_additional_detail; location=none"
            },
            "wrist_accessory": {
              "effective_n": 2,
              "weight": 0.5,
              "interval_95": {
                "lower": 0.09453120573423074,
                "upper": 0.9054687942657693
              },
              "representative": "category=wrist_accessory; value=watch; location=wrist"
            }
          }
        },
        {
          "sample_count": 32,
          "cluster_count": 13,
          "max_cluster_weight": 0.125,
          "max_cluster_interval_95": {
            "method": "wilson-95-conditional-on-fixed-clusters",
            "lower": 0.04970134387480074,
            "upper": 0.2806830548165022
          },
          "max_cluster_representative": "category=headwear; value=absent; location=head",
          "category_count": 8,
          "category_masses": {
            "body_marking": 0.125,
            "carried_object": 0.125,
            "clothing_detail": 0.125,
            "eyewear": 0.125,
            "footwear_detail": 0.125,
            "headwear": 0.125,
            "pocket_item": 0.125,
            "wrist_accessory": 0.125
          },
          "category_tv_from_previous": 0.0,
          "minimum_within_cluster_cosine": 0.9512417316436768,
          "covered_category_count": 8,
          "effective_n_by_category": {
            "body_marking": 4,
            "carried_object": 4,
            "clothing_detail": 4,
            "eyewear": 4,
            "footwear_detail": 4,
            "headwear": 4,
            "pocket_item": 4,
            "wrist_accessory": 4
          },
          "final_partition_tv_from_previous": 0.0625,
          "mean_conditional_tv_from_previous": 0.0625,
          "max_conditional_tv_from_previous": 0.25,
          "conditional_top_by_category": {
            "body_marking": {
              "effective_n": 4,
              "weight": 0.75,
              "interval_95": {
                "lower": 0.30064184258240184,
                "upper": 0.9544127391902995
              },
              "representative": "category=body_marking; value=no_additional_detail; location=none"
            },
            "carried_object": {
              "effective_n": 4,
              "weight": 0.5,
              "interval_95": {
                "lower": 0.15003898915214953,
                "upper": 0.8499610108478505
              },
              "representative": "category=carried_object; value=strap; location=shoulder"
            },
            "clothing_detail": {
              "effective_n": 4,
              "weight": 1.0,
              "interval_95": {
                "lower": 0.5101091635454027,
                "upper": 1.0
              },
              "representative": "category=clothing_detail; value=graphic; location=chest"
            },
            "eyewear": {
              "effective_n": 4,
              "weight": 0.75,
              "interval_95": {
                "lower": 0.30064184258240184,
                "upper": 0.9544127391902995
              },
              "representative": "category=eyewear; value=glasses; location=face"
            },
            "footwear_detail": {
              "effective_n": 4,
              "weight": 1.0,
              "interval_95": {
                "lower": 0.5101091635454027,
                "upper": 1.0
              },
              "representative": "category=footwear_detail; value=strap; location=foot"
            },
            "headwear": {
              "effective_n": 4,
              "weight": 1.0,
              "interval_95": {
                "lower": 0.5101091635454027,
                "upper": 1.0
              },
              "representative": "category=headwear; value=absent; location=head"
            },
            "pocket_item": {
              "effective_n": 4,
              "weight": 0.5,
              "interval_95": {
                "lower": 0.15003898915214953,
                "upper": 0.8499610108478505
              },
              "representative": "category=pocket_item; value=no_additional_detail; location=none"
            },
            "wrist_accessory": {
              "effective_n": 4,
              "weight": 0.5,
              "interval_95": {
                "lower": 0.15003898915214953,
                "upper": 0.8499610108478505
              },
              "representative": "category=wrist_accessory; value=watch; location=wrist"
            }
          }
        },
        {
          "sample_count": 64,
          "cluster_count": 14,
          "max_cluster_weight": 0.125,
          "max_cluster_interval_95": {
            "method": "wilson-95-conditional-on-fixed-clusters",
            "lower": 0.06472242663330455,
            "upper": 0.22774561821129943
          },
          "max_cluster_representative": "category=clothing_detail; value=graphic; location=chest",
          "category_count": 8,
          "category_masses": {
            "body_marking": 0.125,
            "carried_object": 0.125,
            "clothing_detail": 0.125,
            "eyewear": 0.125,
            "footwear_detail": 0.125,
            "headwear": 0.125,
            "pocket_item": 0.125,
            "wrist_accessory": 0.125
          },
          "category_tv_from_previous": 0.0,
          "minimum_within_cluster_cosine": 0.9351651668548584,
          "covered_category_count": 8,
          "effective_n_by_category": {
            "body_marking": 8,
            "carried_object": 8,
            "clothing_detail": 8,
            "eyewear": 8,
            "footwear_detail": 8,
            "headwear": 8,
            "pocket_item": 8,
            "wrist_accessory": 8
          },
          "final_partition_tv_from_previous": 0.078125,
          "mean_conditional_tv_from_previous": 0.078125,
          "max_conditional_tv_from_previous": 0.25,
          "conditional_top_by_category": {
            "body_marking": {
              "effective_n": 8,
              "weight": 0.75,
              "interval_95": {
                "lower": 0.40927543031016883,
                "upper": 0.9285207872478909
              },
              "representative": "category=body_marking; value=no_additional_detail; location=none"
            },
            "carried_object": {
              "effective_n": 8,
              "weight": 0.5,
              "interval_95": {
                "lower": 0.21521606221387757,
                "upper": 0.7847839377861224
              },
              "representative": "category=carried_object; value=strap; location=shoulder"
            },
            "clothing_detail": {
              "effective_n": 8,
              "weight": 1.0,
              "interval_95": {
                "lower": 0.6755924351161198,
                "upper": 1.0
              },
              "representative": "category=clothing_detail; value=graphic; location=chest"
            },
            "eyewear": {
              "effective_n": 8,
              "weight": 0.5,
              "interval_95": {
                "lower": 0.21521606221387757,
                "upper": 0.7847839377861224
              },
              "representative": "category=eyewear; value=glasses; location=face"
            },
            "footwear_detail": {
              "effective_n": 8,
              "weight": 1.0,
              "interval_95": {
                "lower": 0.6755924351161198,
                "upper": 1.0
              },
              "representative": "category=footwear_detail; value=strap; location=foot"
            },
            "headwear": {
              "effective_n": 8,
              "weight": 0.875,
              "interval_95": {
                "lower": 0.5291118177871464,
                "upper": 0.9775825085499433
              },
              "representative": "category=headwear; value=absent; location=head"
            },
            "pocket_item": {
              "effective_n": 8,
              "weight": 0.5,
              "interval_95": {
                "lower": 0.21521606221387757,
                "upper": 0.7847839377861224
              },
              "representative": "category=pocket_item; value=no_additional_detail; location=none"
            },
            "wrist_accessory": {
              "effective_n": 8,
              "weight": 0.625,
              "interval_95": {
                "lower": 0.3057423946026273,
                "upper": 0.8631557141764027
              },
              "representative": "category=wrist_accessory; value=watch; location=wrist"
            }
          }
        },
        {
          "sample_count": 128,
          "cluster_count": 15,
          "max_cluster_weight": 0.125,
          "max_cluster_interval_95": {
            "method": "wilson-95-conditional-on-fixed-clusters",
            "lower": 0.07842644638761664,
            "upper": 0.19342627081751468
          },
          "max_cluster_representative": "category=clothing_detail; value=graphic; location=chest",
          "category_count": 8,
          "category_masses": {
            "body_marking": 0.125,
            "carried_object": 0.125,
            "clothing_detail": 0.125,
            "eyewear": 0.125,
            "footwear_detail": 0.125,
            "headwear": 0.125,
            "pocket_item": 0.125,
            "wrist_accessory": 0.125
          },
          "category_tv_from_previous": 0.0,
          "minimum_within_cluster_cosine": 0.920593798160553,
          "covered_category_count": 8,
          "effective_n_by_category": {
            "body_marking": 16,
            "carried_object": 16,
            "clothing_detail": 16,
            "eyewear": 16,
            "footwear_detail": 16,
            "headwear": 16,
            "pocket_item": 16,
            "wrist_accessory": 16
          },
          "final_partition_tv_from_previous": 0.0390625,
          "mean_conditional_tv_from_previous": 0.0390625,
          "max_conditional_tv_from_previous": 0.125,
          "conditional_top_by_category": {
            "body_marking": {
              "effective_n": 16,
              "weight": 0.75,
              "interval_95": {
                "lower": 0.5050168346449122,
                "upper": 0.8981793250878696
              },
              "representative": "category=body_marking; value=no_additional_detail; location=none"
            },
            "carried_object": {
              "effective_n": 16,
              "weight": 0.5625,
              "interval_95": {
                "lower": 0.331785563988119,
                "upper": 0.7690134759450765
              },
              "representative": "category=carried_object; value=strap; location=shoulder"
            },
            "clothing_detail": {
              "effective_n": 16,
              "weight": 1.0,
              "interval_95": {
                "lower": 0.8063923194655637,
                "upper": 1.0
              },
              "representative": "category=clothing_detail; value=graphic; location=chest"
            },
            "eyewear": {
              "effective_n": 16,
              "weight": 0.5625,
              "interval_95": {
                "lower": 0.331785563988119,
                "upper": 0.7690134759450765
              },
              "representative": "category=eyewear; value=glasses; location=face"
            },
            "footwear_detail": {
              "effective_n": 16,
              "weight": 1.0,
              "interval_95": {
                "lower": 0.8063923194655637,
                "upper": 1.0
              },
              "representative": "category=footwear_detail; value=strap; location=foot"
            },
            "headwear": {
              "effective_n": 16,
              "weight": 0.9375,
              "interval_95": {
                "lower": 0.7167126242970107,
                "upper": 0.9888806552353576
              },
              "representative": "category=headwear; value=absent; location=head"
            },
            "pocket_item": {
              "effective_n": 16,
              "weight": 0.5,
              "interval_95": {
                "lower": 0.27999563610326017,
                "upper": 0.7200043638967398
              },
              "representative": "category=pocket_item; value=absent; location=none"
            },
            "wrist_accessory": {
              "effective_n": 16,
              "weight": 0.625,
              "interval_95": {
                "lower": 0.38641040545502714,
                "upper": 0.8151876744113636
              },
              "representative": "category=wrist_accessory; value=watch; location=wrist"
            }
          }
        }
      ]
    }
  ]
}
